✔ geometry boundaries: exact cone/wave, outside and behind excluded (2.858585ms)
✔ cooldown consumes at windup, attack forbidden, dodge cancels without refund (15.310543ms)
✔ initial/reacquired cooldown minimum and death release (13.030096ms)
✔ cyan windup then half-damage defense, one second freeze and immunity (11.581049ms)
✔ invincibility blocks damage and freeze without consuming miss RNG (9.2587ms)
✔ blue wave hits once and pushes 120 over .2 seconds, then immunity (8.915775ms)
✔ green apex buffs and recruits at most five followers, retaining player control (13.053722ms)
✔ red has no direct damage and refuses empty casting (6.545644ms)
✔ apex attack only reduces dash; width and duration snapshot unchanged (8.892ms)
✔ blue refused candidates cannot be centrally absorbed while commanded (6.969541ms)
✔ yellow field ticks quarter-second; exact lifetime and same-tick overlap uses maximum (9.735056ms)
✔ command reaccept lock, harvest no orb and red unseen destination completion (7.560409ms)
✔ MISS blocks damage and extra effects; invincibility does not consume randomness (6.503341ms)
✔ rally shares activation position and never automatically controls the player (7.140778ms)
✔ frozen owner cannot start actions and death removes owned buffs/commands/field (5.447153ms)
✔ lethal frost does not freeze a same-tick Life respawn (6.717874ms)
✔ ability toggle forbids casting and AI consideration without changing core stacks (5.846384ms)
✔ rally explicit size exception overrides ordinary .8 hunt limit (7.005145ms)
✔ cast flash captures origin and expires independently of damage/cooldown (7.700319ms)
✔ blue three-lane directions use two AI draws once, within separated side ranges (0.649015ms)
✔ blue directions remain fixed through windup; cooldown and cast count apply once (6.785575ms)
✔ overlapping blue lanes cannot triple damage, knockback or consume multiple MISS rolls (8.239519ms)
✔ blue side lanes hit separate targets, behind-caster target stays untouched (7.069821ms)
✔ dodging a blue windup cancels all three lanes without refund or fire event (6.836481ms)
✔ rejected blue casting consumes no extra AI draws (11.638155ms)
✔ blue windup and activation drawing reuse stored lanes without random draws (7.173798ms)
✔ shared blue registry also records invincible targets once across overlapping lanes (6.87523ms)
✔ initial growth immediately sets size, HP and skill capacity before the first pickup (14.756491ms)
✔ capacity reductions clamp empty or partly spent player/AI stacks and increases award only new slots (7.615932ms)
✔ growth guidance follows configured nearest unlocks and ignores score (6.551062ms)
✔ preset import is transactional, rejects unknown fields/races/IDs and is independently copied (9.097728ms)
✔ R frost real reach, windup and damage follow cast snapshot despite mid-cast edits (9.854516ms)
✔ blue wave length and width control actual hits and persist after tuning changes (6.135658ms)
✔ yellow actual field radius, duration and tick HP fraction follow preset (8.54586ms)
✔ configured rally and E vigor change real speed/damage buffs (8.525849ms)
✔ summon cap, size limits and expiry are configurable without providing growth rewards (11.140758ms)
✔ autoplay does not waste E beyond reach or invite without recipients (7.18139ms)
✔ saved settings recover safely and mixed runtime tuning is marked in metrics (6.146555ms)
✔ growth E unlocks without apex; R stays locked and cooldowns are independent (7.297894ms)
✔ losing apex preserves eligible E casting but cancels R (7.032065ms)
✔ green E recruits, green R summons at most two finite companions with no reward farming (7.453037ms)
✔ candidate change restores original concept and does not mutate an in-flight cast (5.55136ms)
✔ territory grows continuously; size350 timing matches previous size200 without shrinking range (5.492402ms)
✔ normal color effects damage and control enemies while leaving allies safe (22.092482ms)
✔ summon respects occupied formation capacity and losing owner title removes summons (5.385662ms)
ℹ tests 45
ℹ suites 0
ℹ pass 45
ℹ fail 0
ℹ cancelled 0
ℹ skipped 0
ℹ todo 0
ℹ duration_ms 413.416077
